# VxEngine top-level testbench

+define+TRACE_FILE="tb_vxe_top.vcd"
+incdir+${VXENGINE_HOME}/hw/vxe/include
+timescale+1us/100ns
${VXENGINE_HOME}/hw/fifo/src/vxe_fifo.v
${VXENGINE_HOME}/hw/fifo/src/vxe_fifo_2.v
${VXENGINE_HOME}/hw/fifo2wxw/src/vxe_fifo2wxw.v
${VXENGINE_HOME}/hw/pipe/src/vxe_pipe_2.v
${VXENGINE_HOME}/hw/reg/src/vxe_reg_rst.v
${VXENGINE_HOME}/hw/reg/src/vxe_reg.v
${VXENGINE_HOME}/hw/flp/src/flp_alignr.v
${VXENGINE_HOME}/hw/flp/src/flp_iadd.v
${VXENGINE_HOME}/hw/flp/src/flp_imult_stage.v
${VXENGINE_HOME}/hw/flp/src/flp_norm.v
${VXENGINE_HOME}/hw/flp/src/flp_pack.v
${VXENGINE_HOME}/hw/flp/src/flp_round.v
${VXENGINE_HOME}/hw/flp/src/flp_shlpad.v
${VXENGINE_HOME}/hw/flp/src/flp_shrjam.v
${VXENGINE_HOME}/hw/flp/src/flp_unpack.v
${VXENGINE_HOME}/hw/flp/src/flp32_mac_5stg.v
${VXENGINE_HOME}/hw/relu/src/flp_relu.v
${VXENGINE_HOME}/hw/relu/src/flp32_relu.v
${VXENGINE_HOME}/hw/axi/src/vxe_axi4mas_biu.v
${VXENGINE_HOME}/hw/axi/src/vxe_axi4slv_biu.v
${VXENGINE_HOME}/hw/vxe/txnid_codec/src/vxe_txnid_coder.v
${VXENGINE_HOME}/hw/vxe/txnid_codec/src/vxe_txnid_decoder.v
${VXENGINE_HOME}/hw/vxe/txn_codec/src/vxe_txnreq_coder.v
${VXENGINE_HOME}/hw/vxe/txn_codec/src/vxe_txnreqa_coder.v
${VXENGINE_HOME}/hw/vxe/txn_codec/src/vxe_txnreqa_decoder.v
${VXENGINE_HOME}/hw/vxe/txn_codec/src/vxe_txnreqd_decoder.v
${VXENGINE_HOME}/hw/vxe/txn_codec/src/vxe_txnress_coder.v
${VXENGINE_HOME}/hw/vxe/txn_codec/src/vxe_txnress_decoder.v
${VXENGINE_HOME}/hw/vxe/axi_switch/src/vxe_axi_switch_us.v
${VXENGINE_HOME}/hw/vxe/axi_switch/src/vxe_axi_switch_ds.v
${VXENGINE_HOME}/hw/vxe/axi_switch/src/vxe_axi_switch.v
${VXENGINE_HOME}/hw/vxe/regio/src/vxe_regio.v
${VXENGINE_HOME}/hw/vxe/intr_unit/src/vxe_intr_unit.v
${VXENGINE_HOME}/hw/vxe/mem_hub/src/vxe_mem_hub_cu_ds.v
${VXENGINE_HOME}/hw/vxe/mem_hub/src/vxe_mem_hub_cu_us.v
${VXENGINE_HOME}/hw/vxe/mem_hub/src/vxe_mem_hub_mas_ds.v
${VXENGINE_HOME}/hw/vxe/mem_hub/src/vxe_mem_hub_mas_us.v
${VXENGINE_HOME}/hw/vxe/mem_hub/src/vxe_mem_hub_vpu_ds.v
${VXENGINE_HOME}/hw/vxe/mem_hub/src/vxe_mem_hub_vpu_us.v
${VXENGINE_HOME}/hw/vxe/mem_hub/src/vxe_mem_hub.v
${VXENGINE_HOME}/hw/vxe/ctrl_unit/src/vxe_cu_cmd_decoder.v
${VXENGINE_HOME}/hw/vxe/ctrl_unit/src/vxe_cu_dispatch_unit.v
${VXENGINE_HOME}/hw/vxe/ctrl_unit/src/vxe_cu_exec_unit.v
${VXENGINE_HOME}/hw/vxe/ctrl_unit/src/vxe_cu_fetch_unit.v
${VXENGINE_HOME}/hw/vxe/ctrl_unit/src/vxe_cu_intr_flt_unit.v
${VXENGINE_HOME}/hw/vxe/ctrl_unit/src/vxe_cu_vpu_fwd_unit.v
${VXENGINE_HOME}/hw/vxe/ctrl_unit/src/vxe_ctrl_unit.v
${VXENGINE_HOME}/hw/vxe/vec_unit/src/vxe_vpu_actf_ecu.v
${VXENGINE_HOME}/hw/vxe/vec_unit/src/vxe_vpu_actf_eu.v
${VXENGINE_HOME}/hw/vxe/vec_unit/src/vxe_vpu_cmd_dispatch.v
${VXENGINE_HOME}/hw/vxe/vec_unit/src/vxe_vpu_cmd_queue.v
${VXENGINE_HOME}/hw/vxe/vec_unit/src/vxe_vpu_lsu.v
${VXENGINE_HOME}/hw/vxe/vec_unit/src/vxe_vpu_prod_ecu.v
${VXENGINE_HOME}/hw/vxe/vec_unit/src/vxe_vpu_prod_eu_agen.v
${VXENGINE_HOME}/hw/vxe/vec_unit/src/vxe_vpu_prod_eu_fmac.v
${VXENGINE_HOME}/hw/vxe/vec_unit/src/vxe_vpu_prod_eu_rq_disp.v
${VXENGINE_HOME}/hw/vxe/vec_unit/src/vxe_vpu_prod_eu_rs_dist.v
${VXENGINE_HOME}/hw/vxe/vec_unit/src/vxe_vpu_prod_eu.v
${VXENGINE_HOME}/hw/vxe/vec_unit/src/vxe_vpu_regu_ecu.v
${VXENGINE_HOME}/hw/vxe/vec_unit/src/vxe_vpu_rf.v
${VXENGINE_HOME}/hw/vxe/vec_unit/src/vxe_vpu_stor_ecu.v
${VXENGINE_HOME}/hw/vxe/vec_unit/src/vxe_vpu_stor_eu.v
${VXENGINE_HOME}/hw/vxe/vec_unit/src/vxe_vpu_thread_rf.v
${VXENGINE_HOME}/hw/vxe/vec_unit/src/vxe_vec_unit.v
src/vxe_top.v
tb/tb_vxe_top_util.v
tb/tb_vxe_top.v
